[     710ms] [INFO] LegacyDataMixin will be applied to all legacy elements.
Set `_legacyUndefinedCheck: true` on element class to enable. @ https://www.youtube.com/s/_/ytmainappweb/_/js/k=ytmainappweb.kevlar_base.en_US.rRhS5yMmiec.es5.O/am=AAAAAAQAEAAQAg/d=1/br=1/rs=AGKMywGNdiAFtzASIUUuJc4hAsJBg3hEUA/m=kevlar_base_module,kevlar_main_module,kevlar_base_sync_mod_chunk:9889
[     865ms] [ERROR] Failed to load resource: the server responded with a status of 499 () @ https://www.youtube.com/api/stats/qoe?fmt=137&afmt=251&cpn=IjMHxI0ENm40Hetk&el=detailpage&ns=yt&fexp=v1%2C24004644%2C15321210%2C11737789%2C9105%2C22730%2C2821%2C124674%2C77203%2C65%2C13917%2C26504%2C9252%2C3479%2C13030%2C23206%2C10364%2C59477%2C8206%2C2625%2C1904%2C18126%2C15105%2C25059%2C4174%2C12720%2C17726%2C18706%2C21437%2C4571%2C9673%2C18768%2C662%2C6621%2C2783%2C23826%2C9500%2C1840%2C14783%2C9336%2C440%2C6962%2C14195%2C13159%2C56551%2C2364%2C6001%2C24322%2C1626%2C6491%2C9932%2C1292%2C6634%2C248%2C81%2C4407%2C25554%2C4065%2C4177%2C5315%2C1168%2C4%2C368%2C490%2C2325%2C2629%2C2314%2C8387%2C5244%2C2834%2C160%2C5587%2C3281%2C8829%2C12388%2C2249%2C273%2C1399%2C3621%2C6789%2C2192%2C21110&cl=928850941&seq=1&docid=_5AatlIb_is&ei=RicqasqoA6_LmLAPm8-2-Ao&event=streamingstats&plid=AAZT8bXE6T86fkhQ&sdetail=p%3Alocalhost%3A8899%2F&sourceid=r&cbr=Chrome&cbrver=149.0.0.0&c=WEB&cver=2.20260606.02.00&cplayer=UNIPLAYER&cos=Windows&cosver=10.0&cplatform=DESKTOP&vps=0.000:N,0.014:B,0.033:N,0.424:N&cat=streaming,sabr&cmt=0.014:0.000,0.033:0.000,0.424:0.000&afs=0.423:251::i:fl.-20.32;tl.-14;vg.0;nm.1;sms.2:CAEoAQ&vfs=0.424:137:137::a:sms.2:CAEoAQ&view=0.424:1257:707:2.25&bwm=0.424:215651:0.413&bwe=0.424:655360&bat=0.424:1:1&vis=0.424:0&bh=0.424:0.000&qclc=ChBJak1IeEkwRU5tNDBIZXRrEAE:0
[     926ms] [ERROR] Failed to load resource: the server responded with a status of 499 () @ https://static.doubleclick.net/instream/ad_status.js:0
[     926ms] [ERROR] Refused to execute script from 'https://static.doubleclick.net/instream/ad_status.js' because its MIME type ('image/png') is not executable. @ https://www.youtube.com/watch?v=_5AatlIb_is:0
[    1421ms] [INFO] Banner not shown: beforeinstallpromptevent.preventDefault() called. The page must call beforeinstallpromptevent.prompt() to show the banner. @ https://www.youtube.com/watch?v=_5AatlIb_is:0
[    2202ms] [ERROR] Failed to load resource: the server responded with a status of 499 () @ https://www.youtube.com/youtubei/v1/log_event?alt=json:0
[    3902ms] [ERROR] Failed to load resource: net::ERR_TOO_MANY_REDIRECTS @ https://googleads.g.doubleclick.net/pagead/id?slf_rd=1:0
[    5077ms] [ERROR] Failed to load resource: net::ERR_TOO_MANY_REDIRECTS @ https://googleads.g.doubleclick.net/pagead/id?slf_rd=1:0
[    7413ms] [ERROR] Failed to load resource: the server responded with a status of 499 () @ https://www.youtube.com/youtubei/v1/log_event?alt=json:0
[   10517ms] [WARNING] The resource https://rr2---sn-4g5ednsy.googlevideo.com/generate_204 was preloaded using link preload but not used within a few seconds from the window's load event. Please make sure it has an appropriate `as` value and it is preloaded intentionally. @ https://www.youtube.com/watch?v=_5AatlIb_is:0
[   10517ms] [WARNING] The resource https://rr2---sn-4g5ednsy.c.youtube.com/generate_204 was preloaded using link preload but not used within a few seconds from the window's load event. Please make sure it has an appropriate `as` value and it is preloaded intentionally. @ https://www.youtube.com/watch?v=_5AatlIb_is:0
[   10517ms] [WARNING] The resource https://i.ytimg.com/generate_204 was preloaded using link preload but not used within a few seconds from the window's load event. Please make sure it has an appropriate `as` value and it is preloaded intentionally. @ https://www.youtube.com/watch?v=_5AatlIb_is:0
[  125979ms] [ERROR] Failed to load resource: net::ERR_TOO_MANY_REDIRECTS @ https://googleads.g.doubleclick.net/pagead/id?slf_rd=1:0
[  128992ms] [WARNING] The resource https://rr2---sn-4g5ednsy.googlevideo.com/generate_204 was preloaded using link preload but not used within a few seconds from the window's load event. Please make sure it has an appropriate `as` value and it is preloaded intentionally. @ https://www.youtube.com/watch?v=_5AatlIb_is:0
[  128992ms] [WARNING] The resource https://rr2---sn-4g5ednsy.c.youtube.com/generate_204 was preloaded using link preload but not used within a few seconds from the window's load event. Please make sure it has an appropriate `as` value and it is preloaded intentionally. @ https://www.youtube.com/watch?v=_5AatlIb_is:0
[  128992ms] [WARNING] The resource https://i.ytimg.com/generate_204 was preloaded using link preload but not used within a few seconds from the window's load event. Please make sure it has an appropriate `as` value and it is preloaded intentionally. @ https://www.youtube.com/watch?v=_5AatlIb_is:0
[  248055ms] [ERROR] Failed to load resource: net::ERR_TOO_MANY_REDIRECTS @ https://googleads.g.doubleclick.net/pagead/id?slf_rd=1:0
[  251075ms] [WARNING] The resource https://rr2---sn-4g5ednsy.googlevideo.com/generate_204 was preloaded using link preload but not used within a few seconds from the window's load event. Please make sure it has an appropriate `as` value and it is preloaded intentionally. @ https://www.youtube.com/watch?v=_5AatlIb_is:0
[  251075ms] [WARNING] The resource https://rr2---sn-4g5ednsy.c.youtube.com/generate_204 was preloaded using link preload but not used within a few seconds from the window's load event. Please make sure it has an appropriate `as` value and it is preloaded intentionally. @ https://www.youtube.com/watch?v=_5AatlIb_is:0
[  251075ms] [WARNING] The resource https://i.ytimg.com/generate_204 was preloaded using link preload but not used within a few seconds from the window's load event. Please make sure it has an appropriate `as` value and it is preloaded intentionally. @ https://www.youtube.com/watch?v=_5AatlIb_is:0
[  302206ms] [ERROR] Failed to load resource: the server responded with a status of 499 () @ https://www.youtube.com/youtubei/v1/log_event?alt=json:0
[  305313ms] [WARNING] The resource https://rr2---sn-4g5ednsy.googlevideo.com/generate_204 was preloaded using link preload but not used within a few seconds from the window's load event. Please make sure it has an appropriate `as` value and it is preloaded intentionally. @ https://www.youtube.com/watch?v=_5AatlIb_is:0
[  305313ms] [WARNING] The resource https://rr2---sn-4g5ednsy.c.youtube.com/generate_204 was preloaded using link preload but not used within a few seconds from the window's load event. Please make sure it has an appropriate `as` value and it is preloaded intentionally. @ https://www.youtube.com/watch?v=_5AatlIb_is:0
[  305313ms] [WARNING] The resource https://i.ytimg.com/generate_204 was preloaded using link preload but not used within a few seconds from the window's load event. Please make sure it has an appropriate `as` value and it is preloaded intentionally. @ https://www.youtube.com/watch?v=_5AatlIb_is:0
[  307429ms] [ERROR] Failed to load resource: the server responded with a status of 499 () @ https://www.youtube.com/youtubei/v1/log_event?alt=json:0
[  310442ms] [WARNING] The resource https://rr2---sn-4g5ednsy.googlevideo.com/generate_204 was preloaded using link preload but not used within a few seconds from the window's load event. Please make sure it has an appropriate `as` value and it is preloaded intentionally. @ https://www.youtube.com/watch?v=_5AatlIb_is:0
[  310442ms] [WARNING] The resource https://rr2---sn-4g5ednsy.c.youtube.com/generate_204 was preloaded using link preload but not used within a few seconds from the window's load event. Please make sure it has an appropriate `as` value and it is preloaded intentionally. @ https://www.youtube.com/watch?v=_5AatlIb_is:0
[  310442ms] [WARNING] The resource https://i.ytimg.com/generate_204 was preloaded using link preload but not used within a few seconds from the window's load event. Please make sure it has an appropriate `as` value and it is preloaded intentionally. @ https://www.youtube.com/watch?v=_5AatlIb_is:0
[  330459ms] [WARNING] The resource https://rr2---sn-4g5ednsy.googlevideo.com/generate_204 was preloaded using link preload but not used within a few seconds from the window's load event. Please make sure it has an appropriate `as` value and it is preloaded intentionally. @ https://www.youtube.com/watch?v=_5AatlIb_is:0
[  330459ms] [WARNING] The resource https://rr2---sn-4g5ednsy.c.youtube.com/generate_204 was preloaded using link preload but not used within a few seconds from the window's load event. Please make sure it has an appropriate `as` value and it is preloaded intentionally. @ https://www.youtube.com/watch?v=_5AatlIb_is:0
[  330459ms] [WARNING] The resource https://i.ytimg.com/generate_204 was preloaded using link preload but not used within a few seconds from the window's load event. Please make sure it has an appropriate `as` value and it is preloaded intentionally. @ https://www.youtube.com/watch?v=_5AatlIb_is:0
[  333691ms] [WARNING] The resource https://rr2---sn-4g5ednsy.googlevideo.com/generate_204 was preloaded using link preload but not used within a few seconds from the window's load event. Please make sure it has an appropriate `as` value and it is preloaded intentionally. @ https://www.youtube.com/watch?v=_5AatlIb_is:0
[  333691ms] [WARNING] The resource https://rr2---sn-4g5ednsy.c.youtube.com/generate_204 was preloaded using link preload but not used within a few seconds from the window's load event. Please make sure it has an appropriate `as` value and it is preloaded intentionally. @ https://www.youtube.com/watch?v=_5AatlIb_is:0
[  333691ms] [WARNING] The resource https://i.ytimg.com/generate_204 was preloaded using link preload but not used within a few seconds from the window's load event. Please make sure it has an appropriate `as` value and it is preloaded intentionally. @ https://www.youtube.com/watch?v=_5AatlIb_is:0
[  632058ms] [ERROR] Failed to load resource: the server responded with a status of 499 () @ https://www.youtube.com/youtubei/v1/log_event?alt=json:0
[  635171ms] [WARNING] The resource https://rr2---sn-4g5ednsy.googlevideo.com/generate_204 was preloaded using link preload but not used within a few seconds from the window's load event. Please make sure it has an appropriate `as` value and it is preloaded intentionally. @ https://www.youtube.com/watch?v=_5AatlIb_is:0
[  635172ms] [WARNING] The resource https://rr2---sn-4g5ednsy.c.youtube.com/generate_204 was preloaded using link preload but not used within a few seconds from the window's load event. Please make sure it has an appropriate `as` value and it is preloaded intentionally. @ https://www.youtube.com/watch?v=_5AatlIb_is:0
[  635172ms] [WARNING] The resource https://i.ytimg.com/generate_204 was preloaded using link preload but not used within a few seconds from the window's load event. Please make sure it has an appropriate `as` value and it is preloaded intentionally. @ https://www.youtube.com/watch?v=_5AatlIb_is:0
[  637307ms] [ERROR] Failed to load resource: the server responded with a status of 499 () @ https://www.youtube.com/youtubei/v1/log_event?alt=json:0
[  640397ms] [WARNING] The resource https://rr2---sn-4g5ednsy.googlevideo.com/generate_204 was preloaded using link preload but not used within a few seconds from the window's load event. Please make sure it has an appropriate `as` value and it is preloaded intentionally. @ https://www.youtube.com/watch?v=_5AatlIb_is:0
[  640398ms] [WARNING] The resource https://rr2---sn-4g5ednsy.c.youtube.com/generate_204 was preloaded using link preload but not used within a few seconds from the window's load event. Please make sure it has an appropriate `as` value and it is preloaded intentionally. @ https://www.youtube.com/watch?v=_5AatlIb_is:0
[  640398ms] [WARNING] The resource https://i.ytimg.com/generate_204 was preloaded using link preload but not used within a few seconds from the window's load event. Please make sure it has an appropriate `as` value and it is preloaded intentionally. @ https://www.youtube.com/watch?v=_5AatlIb_is:0
[  933211ms] [ERROR] Failed to load resource: the server responded with a status of 499 () @ https://www.youtube.com/youtubei/v1/log_event?alt=json:0
[  936320ms] [WARNING] The resource https://rr2---sn-4g5ednsy.googlevideo.com/generate_204 was preloaded using link preload but not used within a few seconds from the window's load event. Please make sure it has an appropriate `as` value and it is preloaded intentionally. @ https://www.youtube.com/watch?v=_5AatlIb_is:0
[  936320ms] [WARNING] The resource https://rr2---sn-4g5ednsy.c.youtube.com/generate_204 was preloaded using link preload but not used within a few seconds from the window's load event. Please make sure it has an appropriate `as` value and it is preloaded intentionally. @ https://www.youtube.com/watch?v=_5AatlIb_is:0
[  936320ms] [WARNING] The resource https://i.ytimg.com/generate_204 was preloaded using link preload but not used within a few seconds from the window's load event. Please make sure it has an appropriate `as` value and it is preloaded intentionally. @ https://www.youtube.com/watch?v=_5AatlIb_is:0
[  938435ms] [ERROR] Failed to load resource: the server responded with a status of 499 () @ https://www.youtube.com/youtubei/v1/log_event?alt=json:0
[  941538ms] [WARNING] The resource https://rr2---sn-4g5ednsy.googlevideo.com/generate_204 was preloaded using link preload but not used within a few seconds from the window's load event. Please make sure it has an appropriate `as` value and it is preloaded intentionally. @ https://www.youtube.com/watch?v=_5AatlIb_is:0
[  941538ms] [WARNING] The resource https://rr2---sn-4g5ednsy.c.youtube.com/generate_204 was preloaded using link preload but not used within a few seconds from the window's load event. Please make sure it has an appropriate `as` value and it is preloaded intentionally. @ https://www.youtube.com/watch?v=_5AatlIb_is:0
[  941538ms] [WARNING] The resource https://i.ytimg.com/generate_204 was preloaded using link preload but not used within a few seconds from the window's load event. Please make sure it has an appropriate `as` value and it is preloaded intentionally. @ https://www.youtube.com/watch?v=_5AatlIb_is:0
