[     773ms] [INFO] LegacyDataMixin will be applied to all legacy elements.
Set `_legacyUndefinedCheck: true` on element class to enable. @ https://www.youtube.com/s/_/ytmainappweb/_/js/k=ytmainappweb.kevlar_base.en_US.rRhS5yMmiec.es5.O/am=AAAAAAQAEAAQAg/d=1/br=1/rs=AGKMywGNdiAFtzASIUUuJc4hAsJBg3hEUA/m=kevlar_base_module,kevlar_main_module,kevlar_base_sync_mod_chunk:9889
[     919ms] [ERROR] Failed to load resource: the server responded with a status of 499 () @ https://www.youtube.com/api/stats/qoe?fmt=137&afmt=251&cpn=UZlHGf1Fm2-3Mvsw&el=detailpage&ns=yt&fexp=v1%2C24004644%2C15321210%2C11737789%2C9105%2C22730%2C2821%2C124674%2C77203%2C65%2C13917%2C26504%2C9252%2C3479%2C13030%2C23206%2C10364%2C59477%2C8206%2C2625%2C1904%2C18126%2C15105%2C25059%2C4174%2C12720%2C17726%2C18706%2C21437%2C4571%2C9673%2C18768%2C662%2C6621%2C2783%2C23826%2C9500%2C1840%2C14783%2C9336%2C440%2C6962%2C14195%2C13159%2C56551%2C2364%2C6001%2C24322%2C1626%2C6491%2C9932%2C1292%2C6634%2C248%2C81%2C4407%2C25554%2C4065%2C4177%2C5315%2C1168%2C4%2C368%2C490%2C2325%2C2629%2C2314%2C8387%2C5244%2C2834%2C160%2C5587%2C3281%2C8829%2C12388%2C2249%2C273%2C1399%2C3621%2C6789%2C2192%2C21110&cl=928850941&seq=1&docid=n75_-ntNL2I&ei=OScqaua4IZbOp-oPz7T34Ac&event=streamingstats&plid=AAZT8bUGZ1XrUrEx&sdetail=p%3Alocalhost%3A8899%2F&sourceid=r&cbr=Chrome&cbrver=149.0.0.0&c=WEB&cver=2.20260606.02.00&cplayer=UNIPLAYER&cos=Windows&cosver=10.0&cplatform=DESKTOP&vps=0.000:N,0.014:B,0.032:N,0.413:N&cat=streaming,sabr&cmt=0.014:0.000,0.032:0.000,0.413:0.000&afs=0.411:251::i:fl.-17.639999;tl.-14;vg.0;nm.1;sms.2:CAEoAQ&vfs=0.413:137:137::a:sms.2:CAEoAQ&view=0.413:1257:707:2.25&bwm=0.413:116435:0.400&bwe=0.413:655360&bat=0.413:1:1&vis=0.413:0&bh=0.413:0.000&qclc=ChBVWmxIR2YxRm0yLTNNdnN3EAE:0
[    1002ms] [ERROR] Failed to load resource: the server responded with a status of 403 () @ https://accounts.google.com/v3/signin/identifier?continue=https%3A%2F%2Fwww.youtube.com%2Fsignin%3Faction_handle_signin%3Dtrue%26app%3Ddesktop%26hl%3Dru%26next%3D%252Fsignin_passive%26feature%3Dpassive&dsh=S554492611%3A1781147450330449&hl=ru&passive=true&service=youtube&uilel=3&flowName=GlifWebSignIn&flowEntry=ServiceLogin&ifkv=AcDsRvy5oUlo5fVWcL6ZzQpXOD6JGH441wpEnd3X39Au6E8bKoDQbbpjI6mkR22ZVhFfBK9s6koWLw:0
[    1243ms] [ERROR] Failed to load resource: the server responded with a status of 499 () @ https://static.doubleclick.net/instream/ad_status.js:0
[    1243ms] [ERROR] Refused to execute script from 'https://static.doubleclick.net/instream/ad_status.js' because its MIME type ('image/png') is not executable. @ https://www.youtube.com/watch?v=n75_-ntNL2I:0
[    1411ms] [INFO] Banner not shown: beforeinstallpromptevent.preventDefault() called. The page must call beforeinstallpromptevent.prompt() to show the banner. @ https://www.youtube.com/watch?v=n75_-ntNL2I:0
[    2192ms] [ERROR] Failed to load resource: the server responded with a status of 499 () @ https://www.youtube.com/youtubei/v1/log_event?alt=json:0
[    2255ms] [ERROR] Failed to load resource: the server responded with a status of 499 () @ https://www.youtube.com/youtubei/v1/log_event?alt=json:0
[    2319ms] [ERROR] Failed to load resource: the server responded with a status of 499 () @ https://www.youtube.com/youtubei/v1/log_event?alt=json:0
[    4080ms] [ERROR] Failed to load resource: net::ERR_TOO_MANY_REDIRECTS @ https://googleads.g.doubleclick.net/pagead/id?slf_rd=1:0
[    5154ms] [ERROR] Failed to load resource: net::ERR_TOO_MANY_REDIRECTS @ https://googleads.g.doubleclick.net/pagead/id?slf_rd=1:0
[    9125ms] [WARNING] The resource https://rr2---sn-4g5lznse.googlevideo.com/generate_204 was preloaded using link preload but not used within a few seconds from the window's load event. Please make sure it has an appropriate `as` value and it is preloaded intentionally. @ https://www.youtube.com/watch?v=n75_-ntNL2I:0
[    9125ms] [WARNING] The resource https://rr2---sn-4g5lznse.c.youtube.com/generate_204 was preloaded using link preload but not used within a few seconds from the window's load event. Please make sure it has an appropriate `as` value and it is preloaded intentionally. @ https://www.youtube.com/watch?v=n75_-ntNL2I:0
[    9125ms] [WARNING] The resource https://i.ytimg.com/generate_204 was preloaded using link preload but not used within a few seconds from the window's load event. Please make sure it has an appropriate `as` value and it is preloaded intentionally. @ https://www.youtube.com/watch?v=n75_-ntNL2I:0
[   10510ms] [ERROR] Failed to load resource: the server responded with a status of 499 () @ https://www.youtube.com/api/stats/qoe?fmt=137&afmt=251&cpn=UZlHGf1Fm2-3Mvsw&el=detailpage&ns=yt&fexp=v1%2C24004644%2C15321210%2C11737789%2C9105%2C22730%2C2821%2C124674%2C77203%2C65%2C13917%2C26504%2C9252%2C3479%2C13030%2C23206%2C10364%2C59477%2C8206%2C2625%2C1904%2C18126%2C15105%2C25059%2C4174%2C12720%2C17726%2C18706%2C21437%2C4571%2C9673%2C18768%2C662%2C6621%2C2783%2C23826%2C9500%2C1840%2C14783%2C9336%2C440%2C6962%2C14195%2C13159%2C56551%2C2364%2C6001%2C24322%2C1626%2C6491%2C9932%2C1292%2C6634%2C248%2C81%2C4407%2C25554%2C4065%2C4177%2C5315%2C1168%2C4%2C368%2C490%2C2325%2C2629%2C2314%2C8387%2C5244%2C2834%2C160%2C5587%2C3281%2C8829%2C12388%2C2249%2C273%2C1399%2C3621%2C6789%2C2192%2C21110&cl=928850941&seq=2&docid=n75_-ntNL2I&ei=OScqaua4IZbOp-oPz7T34Ac&event=streamingstats&plid=AAZT8bUGZ1XrUrEx&sdetail=p%3Alocalhost%3A8899%2F&sourceid=r&cbr=Chrome&cbrver=149.0.0.0&c=WEB&cver=2.20260606.02.00&cplayer=UNIPLAYER&cos=Windows&cosver=10.0&cplatform=DESKTOP&ctmp=stp:t.1064;s.0;b.0&bwm=10.018:4628336:0.653&bwe=10.018:2902723&bat=10.018:1:1&cmt=10.018:0.000&bh=10.018:20.001&df=10.018:0&qclc=ChBVWmxIR2YxRm0yLTNNdnN3EAI:0
[  126188ms] [ERROR] Failed to load resource: net::ERR_TOO_MANY_REDIRECTS @ https://googleads.g.doubleclick.net/pagead/id?slf_rd=1:0
[  129205ms] [WARNING] The resource https://rr2---sn-4g5lznse.googlevideo.com/generate_204 was preloaded using link preload but not used within a few seconds from the window's load event. Please make sure it has an appropriate `as` value and it is preloaded intentionally. @ https://www.youtube.com/watch?v=n75_-ntNL2I:0
[  129205ms] [WARNING] The resource https://rr2---sn-4g5lznse.c.youtube.com/generate_204 was preloaded using link preload but not used within a few seconds from the window's load event. Please make sure it has an appropriate `as` value and it is preloaded intentionally. @ https://www.youtube.com/watch?v=n75_-ntNL2I:0
[  129205ms] [WARNING] The resource https://i.ytimg.com/generate_204 was preloaded using link preload but not used within a few seconds from the window's load event. Please make sure it has an appropriate `as` value and it is preloaded intentionally. @ https://www.youtube.com/watch?v=n75_-ntNL2I:0
[  248290ms] [ERROR] Failed to load resource: net::ERR_TOO_MANY_REDIRECTS @ https://googleads.g.doubleclick.net/pagead/id?slf_rd=1:0
[  251311ms] [WARNING] The resource https://rr2---sn-4g5lznse.googlevideo.com/generate_204 was preloaded using link preload but not used within a few seconds from the window's load event. Please make sure it has an appropriate `as` value and it is preloaded intentionally. @ https://www.youtube.com/watch?v=n75_-ntNL2I:0
[  251311ms] [WARNING] The resource https://rr2---sn-4g5lznse.c.youtube.com/generate_204 was preloaded using link preload but not used within a few seconds from the window's load event. Please make sure it has an appropriate `as` value and it is preloaded intentionally. @ https://www.youtube.com/watch?v=n75_-ntNL2I:0
[  251311ms] [WARNING] The resource https://i.ytimg.com/generate_204 was preloaded using link preload but not used within a few seconds from the window's load event. Please make sure it has an appropriate `as` value and it is preloaded intentionally. @ https://www.youtube.com/watch?v=n75_-ntNL2I:0
[  302735ms] [ERROR] Failed to load resource: the server responded with a status of 499 () @ https://www.youtube.com/youtubei/v1/log_event?alt=json:0
[  305831ms] [WARNING] The resource https://rr2---sn-4g5lznse.googlevideo.com/generate_204 was preloaded using link preload but not used within a few seconds from the window's load event. Please make sure it has an appropriate `as` value and it is preloaded intentionally. @ https://www.youtube.com/watch?v=n75_-ntNL2I:0
[  305831ms] [WARNING] The resource https://rr2---sn-4g5lznse.c.youtube.com/generate_204 was preloaded using link preload but not used within a few seconds from the window's load event. Please make sure it has an appropriate `as` value and it is preloaded intentionally. @ https://www.youtube.com/watch?v=n75_-ntNL2I:0
[  305831ms] [WARNING] The resource https://i.ytimg.com/generate_204 was preloaded using link preload but not used within a few seconds from the window's load event. Please make sure it has an appropriate `as` value and it is preloaded intentionally. @ https://www.youtube.com/watch?v=n75_-ntNL2I:0
[  307942ms] [ERROR] Failed to load resource: the server responded with a status of 499 () @ https://www.youtube.com/youtubei/v1/log_event?alt=json:0
[  311036ms] [WARNING] The resource https://rr2---sn-4g5lznse.googlevideo.com/generate_204 was preloaded using link preload but not used within a few seconds from the window's load event. Please make sure it has an appropriate `as` value and it is preloaded intentionally. @ https://www.youtube.com/watch?v=n75_-ntNL2I:0
[  311036ms] [WARNING] The resource https://rr2---sn-4g5lznse.c.youtube.com/generate_204 was preloaded using link preload but not used within a few seconds from the window's load event. Please make sure it has an appropriate `as` value and it is preloaded intentionally. @ https://www.youtube.com/watch?v=n75_-ntNL2I:0
[  311036ms] [WARNING] The resource https://i.ytimg.com/generate_204 was preloaded using link preload but not used within a few seconds from the window's load event. Please make sure it has an appropriate `as` value and it is preloaded intentionally. @ https://www.youtube.com/watch?v=n75_-ntNL2I:0
[  602297ms] [ERROR] Failed to load resource: the server responded with a status of 499 () @ https://www.youtube.com/youtubei/v1/log_event?alt=json:0
[  605415ms] [WARNING] The resource https://rr2---sn-4g5lznse.googlevideo.com/generate_204 was preloaded using link preload but not used within a few seconds from the window's load event. Please make sure it has an appropriate `as` value and it is preloaded intentionally. @ https://www.youtube.com/watch?v=n75_-ntNL2I:0
[  605415ms] [WARNING] The resource https://rr2---sn-4g5lznse.c.youtube.com/generate_204 was preloaded using link preload but not used within a few seconds from the window's load event. Please make sure it has an appropriate `as` value and it is preloaded intentionally. @ https://www.youtube.com/watch?v=n75_-ntNL2I:0
[  605415ms] [WARNING] The resource https://i.ytimg.com/generate_204 was preloaded using link preload but not used within a few seconds from the window's load event. Please make sure it has an appropriate `as` value and it is preloaded intentionally. @ https://www.youtube.com/watch?v=n75_-ntNL2I:0
[  607547ms] [ERROR] Failed to load resource: the server responded with a status of 499 () @ https://www.youtube.com/youtubei/v1/log_event?alt=json:0
[  610659ms] [WARNING] The resource https://rr2---sn-4g5lznse.googlevideo.com/generate_204 was preloaded using link preload but not used within a few seconds from the window's load event. Please make sure it has an appropriate `as` value and it is preloaded intentionally. @ https://www.youtube.com/watch?v=n75_-ntNL2I:0
[  610659ms] [WARNING] The resource https://rr2---sn-4g5lznse.c.youtube.com/generate_204 was preloaded using link preload but not used within a few seconds from the window's load event. Please make sure it has an appropriate `as` value and it is preloaded intentionally. @ https://www.youtube.com/watch?v=n75_-ntNL2I:0
[  610659ms] [WARNING] The resource https://i.ytimg.com/generate_204 was preloaded using link preload but not used within a few seconds from the window's load event. Please make sure it has an appropriate `as` value and it is preloaded intentionally. @ https://www.youtube.com/watch?v=n75_-ntNL2I:0
[  903288ms] [ERROR] Failed to load resource: the server responded with a status of 499 () @ https://www.youtube.com/youtubei/v1/log_event?alt=json:0
[  906387ms] [WARNING] The resource https://rr2---sn-4g5lznse.googlevideo.com/generate_204 was preloaded using link preload but not used within a few seconds from the window's load event. Please make sure it has an appropriate `as` value and it is preloaded intentionally. @ https://www.youtube.com/watch?v=n75_-ntNL2I:0
[  906387ms] [WARNING] The resource https://rr2---sn-4g5lznse.c.youtube.com/generate_204 was preloaded using link preload but not used within a few seconds from the window's load event. Please make sure it has an appropriate `as` value and it is preloaded intentionally. @ https://www.youtube.com/watch?v=n75_-ntNL2I:0
[  906387ms] [WARNING] The resource https://i.ytimg.com/generate_204 was preloaded using link preload but not used within a few seconds from the window's load event. Please make sure it has an appropriate `as` value and it is preloaded intentionally. @ https://www.youtube.com/watch?v=n75_-ntNL2I:0
[  908540ms] [ERROR] Failed to load resource: the server responded with a status of 499 () @ https://www.youtube.com/youtubei/v1/log_event?alt=json:0
[  911659ms] [WARNING] The resource https://rr2---sn-4g5lznse.googlevideo.com/generate_204 was preloaded using link preload but not used within a few seconds from the window's load event. Please make sure it has an appropriate `as` value and it is preloaded intentionally. @ https://www.youtube.com/watch?v=n75_-ntNL2I:0
[  911659ms] [WARNING] The resource https://rr2---sn-4g5lznse.c.youtube.com/generate_204 was preloaded using link preload but not used within a few seconds from the window's load event. Please make sure it has an appropriate `as` value and it is preloaded intentionally. @ https://www.youtube.com/watch?v=n75_-ntNL2I:0
[  911659ms] [WARNING] The resource https://i.ytimg.com/generate_204 was preloaded using link preload but not used within a few seconds from the window's load event. Please make sure it has an appropriate `as` value and it is preloaded intentionally. @ https://www.youtube.com/watch?v=n75_-ntNL2I:0
